------------------------------------------------------------
TimeQuest Timing Analyzer Summary
------------------------------------------------------------

Type  : Slow Model Setup 'KEY[0]'
Slack : -11.506
TNS   : -1773.355

Type  : Slow Model Setup 'SW[17]'
Slack : -2.321
TNS   : -34.436

Type  : Slow Model Hold 'SW[17]'
Slack : -1.975
TNS   : -26.023

Type  : Slow Model Hold 'KEY[0]'
Slack : 0.595
TNS   : 0.000

Type  : Slow Model Minimum Pulse Width 'KEY[0]'
Slack : -2.000
TNS   : -361.222

Type  : Slow Model Minimum Pulse Width 'SW[17]'
Slack : -1.222
TNS   : -1.222

Type  : Fast Model Setup 'KEY[0]'
Slack : -5.139
TNS   : -812.106

Type  : Fast Model Setup 'SW[17]'
Slack : -0.493
TNS   : -4.964

Type  : Fast Model Hold 'SW[17]'
Slack : -0.930
TNS   : -12.090

Type  : Fast Model Hold 'KEY[0]'
Slack : 0.246
TNS   : 0.000

Type  : Fast Model Minimum Pulse Width 'KEY[0]'
Slack : -2.000
TNS   : -361.222

Type  : Fast Model Minimum Pulse Width 'SW[17]'
Slack : -1.222
TNS   : -1.222

------------------------------------------------------------
